---
source: crates/format-docx/tests/read_preserve.rs
expression: shadow_summary(TRACKED_MIXED)
---
part_names:
  - "[Content_Types].xml"
  - _rels/.rels
  - docProps/app.xml
  - docProps/core.xml
  - word/_rels/document.xml.rels
  - word/comments.xml
  - word/document.xml
  - word/fontTable.xml
  - word/settings.xml
  - word/styles.xml
  - word/theme/theme1.xml
part_count: 11
document_xml_len: 1748
indexed_paragraph_count: 1
